troff:experiments/pdf-export/groff/smoke-unicode.roff:3: warning: special character 'uFB01' not defined
troff:experiments/pdf-export/groff/smoke-unicode.roff:3: warning: special character 'uFB03' not defined
troff:experiments/pdf-export/groff/smoke-unicode.roff:7: warning: special character 'u05E9' not defined
troff:experiments/pdf-export/groff/smoke-unicode.roff:7: warning: special character 'u05DC' not defined
troff:experiments/pdf-export/groff/smoke-unicode.roff:7: warning: special character 'u05D5' not defined
troff:experiments/pdf-export/groff/smoke-unicode.roff:7: warning: special character 'u05DD' not defined
troff:experiments/pdf-export/groff/smoke-unicode.roff:7: warning: special character 'u05E2' not defined
troff:experiments/pdf-export/groff/smoke-unicode.roff:7: warning: special character 'u0645' not defined
troff:experiments/pdf-export/groff/smoke-unicode.roff:7: warning: special character 'u0631' not defined
troff:experiments/pdf-export/groff/smoke-unicode.roff:7: warning: special character 'u062D' not defined
troff:experiments/pdf-export/groff/smoke-unicode.roff:7: warning: special character 'u0628' not defined
troff:experiments/pdf-export/groff/smoke-unicode.roff:7: warning: special character 'u0627' not defined
troff:experiments/pdf-export/groff/smoke-unicode.roff:7: warning: special character 'u0644' not defined
troff:experiments/pdf-export/groff/smoke-unicode.roff:7: warning: special character 'u0639' not defined
troff:experiments/pdf-export/groff/smoke-unicode.roff:7: warning: special character 'u0928' not defined
troff:experiments/pdf-export/groff/smoke-unicode.roff:7: warning: special character 'u092E' not defined
troff:experiments/pdf-export/groff/smoke-unicode.roff:7: warning: special character 'u0938' not defined
troff:experiments/pdf-export/groff/smoke-unicode.roff:7: warning: special character 'u094D' not defined
troff:experiments/pdf-export/groff/smoke-unicode.roff:7: warning: special character 'u0924' not defined
troff:experiments/pdf-export/groff/smoke-unicode.roff:7: warning: special character 'u0947' not defined
troff:experiments/pdf-export/groff/smoke-unicode.roff:7: warning: special character 'u0926' not defined
troff:experiments/pdf-export/groff/smoke-unicode.roff:7: warning: special character 'u0941' not defined
troff:experiments/pdf-export/groff/smoke-unicode.roff:7: warning: special character 'u093F' not defined
troff:experiments/pdf-export/groff/smoke-unicode.roff:7: warning: special character 'u092F' not defined
troff:experiments/pdf-export/groff/smoke-unicode.roff:7: warning: special character 'u093E' not defined
troff:experiments/pdf-export/groff/smoke-unicode.roff:7: warning: special character 'u65E5' not defined
troff:experiments/pdf-export/groff/smoke-unicode.roff:7: warning: special character 'u672C' not defined
troff:experiments/pdf-export/groff/smoke-unicode.roff:7: warning: special character 'u8A9E' not defined
troff:experiments/pdf-export/groff/smoke-unicode.roff:7: warning: special character 'u3002' not defined
gropdf: notice: 
Font 'SourceSerif4-Semibold (CB)' has 1497 glyphs
You would see a noticeable speedup if you install the perl module Inline::C

gropdf: notice: 
Font 'SourceSerif4-Regular (CR)' has 1497 glyphs
You would see a noticeable speedup if you install the perl module Inline::C

