   Compiling proc-macro2 v1.0.107
   Compiling unicode-ident v1.0.26
   Compiling quote v1.0.47
   Compiling serde_core v1.0.229
   Compiling cfg-if v1.0.5
   Compiling serde v1.0.229
   Compiling version_check v0.9.5
   Compiling typenum v1.20.1
   Compiling fst v0.4.7
   Compiling rustversion v1.0.23
   Compiling libc v0.2.190
   Compiling semver v1.0.28
   Compiling crc32fast v1.5.2
   Compiling proc-macro2-diagnostics v0.10.1
   Compiling rustc_version v0.4.1
   Compiling simd-adler32 v0.3.10
   Compiling pathfinder_simd v0.5.6
   Compiling encoding_rs v0.8.42
   Compiling syn v3.0.6
   Compiling hybrid-array v0.4.15
   Compiling syn v2.0.119
   Compiling tinyvec v1.13.3
   Compiling adler2 v2.0.1
   Compiling yansi v1.0.1
   Compiling crypto-common v0.2.2
   Compiling block-padding v0.4.2
   Compiling miniz_oxide v0.9.1
   Compiling log v0.4.34
   Compiling simdutf8 v0.1.5
   Compiling scopeguard v1.2.0
   Compiling unicode-general-category v1.1.0
   Compiling unicode-joining-type v1.0.0
   Compiling unicode-canonical-combining-class v1.0.0
   Compiling core_detect v1.0.0
   Compiling alloc-no-stdlib v2.0.4
   Compiling multiversion_no_op v1.0.0
   Compiling heck v0.4.1
   Compiling alloc-stdlib v0.2.4
   Compiling flate2 v1.1.10
   Compiling inout v0.2.2
   Compiling serde_derive v1.0.229
   Compiling bitflags v2.13.2
   Compiling libm v0.2.16
   Compiling cpufeatures v0.3.1
   Compiling memchr v2.8.3
   Compiling aliasable v0.1.3
   Compiling static_assertions v1.1.0
   Compiling pathfinder_geometry v0.5.1
   Compiling cipher v0.5.2
   Compiling brotli-decompressor v5.0.3
   Compiling block-buffer v0.12.1
   Compiling slotmap v1.1.1
   Compiling ucd-trie v0.1.7
   Compiling glyph-names v0.2.0
   Compiling rustc-hash v2.1.3
   Compiling getrandom v0.4.3
   Compiling const-oid v0.10.2
   Compiling pocket-resources v0.3.2
   Compiling rand_core v0.10.1
   Compiling thiserror v2.0.21
   Compiling digest v0.11.3
   Compiling enumflags2_derive v0.7.12
   Compiling ouroboros_macro v0.18.5
   Compiling thiserror-impl v2.0.21
   Compiling enumflags2 v0.7.12
   Compiling unicode-normalization v0.1.25
   Compiling mmapio v0.9.1
   Compiling azul-simplecss v0.2.2
   Compiling xmlparser v0.13.6
   Compiling ouroboros v0.18.5
   Compiling allsorts-azul v0.17.2
   Compiling zmij v1.0.23
   Compiling unicode-bidi v0.3.18
   Compiling bincode v1.3.3
   Compiling hyphenation_commons v0.8.4
   Compiling azul-css v0.0.16
   Compiling hyphenation v0.8.4
   Compiling chacha20 v0.10.2
   Compiling serde_json v1.0.151
   Compiling hashbrown v0.17.1
   Compiling cpubits v0.1.1
   Compiling gl-context-loader v0.1.10
   Compiling unicode-properties v0.1.4
   Compiling equivalent v1.0.2
   Compiling grid v1.0.1
   Compiling itoa v1.0.18
   Compiling arrayvec v0.7.8
   Compiling stringprep v0.1.5
   Compiling rand v0.10.3
   Compiling taffy v0.10.1
   Compiling indexmap v2.14.2
   Compiling aes v0.9.3
   Compiling smallvec v1.16.2
   Compiling md-5 v0.11.0
   Compiling sha2 v0.11.0
   Compiling nom v8.0.0
   Compiling roxmltree v0.21.1
   Compiling ecb v0.2.1
   Compiling cbc v0.2.1
   Compiling num-conv v0.2.2
   Compiling deranged v0.5.8
   Compiling lru v0.18.5
   Compiling xmlwriter v0.1.0
   Compiling regex-lite v0.1.9
   Compiling time-core v0.1.9
   Compiling powerfmt v0.2.1
   Compiling base64 v0.22.1
   Compiling unicode-segmentation v1.13.3
   Compiling weezl v0.2.1
   Compiling rangemap v1.8.0
   Compiling time v0.3.55
   Compiling lopdf v0.44.0
   Compiling rust-fontconfig v5.0.1
   Compiling azul-core v0.0.16
   Compiling azul-layout v0.0.16
   Compiling printpdf v0.12.8
   Compiling carta-printpdf-bench v0.1.0 (/home/claudio/software/git/carta-space/experiments/pdf-export/printpdf)
    Finished `release` profile [optimized] target(s) in 3m 41s
