pages=1 pdf_bytes=18581 embedded_font_input_bytes=7755112
	Command being timed: "/opt/carta-pdf-bench/printpdf-target/release/carta-printpdf-bench experiments/pdf-export/printpdf/probes/fallback-auto.html experiments/pdf-export/printpdf/outputs/fallback-auto.pdf"
	User time (seconds): 0.06
	System time (seconds): 0.11
	Percent of CPU this job got: 50%
	Elapsed (wall clock) time (h:mm:ss or m:ss): 0:00.36
	Average shared text size (kbytes): 0
	Average unshared data size (kbytes): 0
	Average stack size (kbytes): 0
	Average total size (kbytes): 0
	Maximum resident set size (kbytes): 49552
	Average resident set size (kbytes): 0
	Major (requiring I/O) page faults: 140
	Minor (reclaiming a frame) page faults: 14493
	Voluntary context switches: 206
	Involuntary context switches: 22
	Swaps: 0
	File system inputs: 28736
	File system outputs: 48
	Socket messages sent: 0
	Socket messages received: 0
	Signals delivered: 0
	Page size (bytes): 4096
	Exit status: 0
