pages=1 pdf_bytes=23563 embedded_font_input_bytes=7755112
	Command being timed: "/opt/carta-pdf-bench/printpdf-target/release/carta-printpdf-bench experiments/pdf-export/printpdf/probes/fallback-explicit.html experiments/pdf-export/printpdf/outputs/fallback-explicit.pdf"
	User time (seconds): 0.08
	System time (seconds): 0.07
	Percent of CPU this job got: 61%
	Elapsed (wall clock) time (h:mm:ss or m:ss): 0:00.25
	Average shared text size (kbytes): 0
	Average unshared data size (kbytes): 0
	Average stack size (kbytes): 0
	Average total size (kbytes): 0
	Maximum resident set size (kbytes): 51156
	Average resident set size (kbytes): 0
	Major (requiring I/O) page faults: 0
	Minor (reclaiming a frame) page faults: 14928
	Voluntary context switches: 1
	Involuntary context switches: 36
	Swaps: 0
	File system inputs: 0
	File system outputs: 56
	Socket messages sent: 0
	Socket messages received: 0
	Signals delivered: 0
	Page size (bytes): 4096
	Exit status: 0
