carta-printpdf-bench v0.1.0 (/home/claudio/software/git/carta-space/experiments/pdf-export/printpdf)
└── printpdf feature "default"
    ├── printpdf v0.12.8
    │   ├── azul-layout v0.0.16
    │   │   ├── azul-core v0.0.16
    │   │   │   ├── gl-context-loader v0.1.10
    │   │   │   ├── libm v0.2.16
    │   │   │   ├── azul-css feature "parser"
    │   │   │   │   └── azul-css v0.0.16
    │   │   │   │       ├── azul-simplecss v0.2.2
    │   │   │   │       └── libm v0.2.16
    │   │   │   └── rust-fontconfig feature "std"
    │   │   │       ├── rust-fontconfig v5.0.1
    │   │   │       │   ├── mmapio v0.9.1
    │   │   │       │   │   └── libc feature "default"
    │   │   │       │   │       ├── libc v0.2.190
    │   │   │       │   │       └── libc feature "std"
    │   │   │       │   │           └── libc v0.2.190
    │   │   │       │   ├── xmlparser v0.13.6
    │   │   │       │   └── allsorts-azul feature "flate2_rust"
    │   │   │       │       ├── allsorts-azul v0.17.2
    │   │   │       │       │   ├── flate2 v1.1.10
    │   │   │       │       │   │   ├── crc32fast v1.5.2
    │   │   │       │       │   │   │   └── cfg-if feature "default"
    │   │   │       │       │   │   │       └── cfg-if v1.0.5
    │   │   │       │       │   │   ├── miniz_oxide feature "default"
    │   │   │       │       │   │   │   ├── miniz_oxide v0.9.1
    │   │   │       │       │   │   │   │   ├── adler2 v2.0.1
    │   │   │       │       │   │   │   │   └── simd-adler32 v0.3.10
    │   │   │       │       │   │   │   └── miniz_oxide feature "with-alloc"
    │   │   │       │       │   │   │       └── miniz_oxide v0.9.1 (*)
    │   │   │       │       │   │   └── miniz_oxide feature "simd"
    │   │   │       │       │   │       ├── miniz_oxide v0.9.1 (*)
    │   │   │       │       │   │       └── miniz_oxide feature "simd-adler32"
    │   │   │       │       │   │           └── miniz_oxide v0.9.1 (*)
    │   │   │       │       │   ├── bitflags feature "default"
    │   │   │       │       │   │   └── bitflags v2.13.2
    │   │   │       │       │   ├── brotli-decompressor feature "default"
    │   │   │       │       │   │   ├── brotli-decompressor v5.0.3
    │   │   │       │       │   │   │   ├── alloc-no-stdlib feature "default"
    │   │   │       │       │   │   │   │   └── alloc-no-stdlib v2.0.4
    │   │   │       │       │   │   │   └── alloc-stdlib feature "default"
    │   │   │       │       │   │   │       └── alloc-stdlib v0.2.4
    │   │   │       │       │   │   │           └── alloc-no-stdlib feature "default" (*)
    │   │   │       │       │   │   └── brotli-decompressor feature "std"
    │   │   │       │       │   │       ├── brotli-decompressor v5.0.3 (*)
    │   │   │       │       │   │       └── brotli-decompressor feature "alloc-stdlib"
    │   │   │       │       │   │           └── brotli-decompressor v5.0.3 (*)
    │   │   │       │       │   ├── encoding_rs feature "default"
    │   │   │       │       │   │   ├── encoding_rs v0.8.42
    │   │   │       │       │   │   │   ├── scopeguard v1.2.0
    │   │   │       │       │   │   │   ├── cfg-if feature "default" (*)
    │   │   │       │       │   │   │   ├── core_detect feature "default"
    │   │   │       │       │   │   │   │   └── core_detect v1.0.0
    │   │   │       │       │   │   │   ├── multiversion_no_op feature "default"
    │   │   │       │       │   │   │   │   └── multiversion_no_op v1.0.0 (proc-macro)
    │   │   │       │       │   │   │   ├── simdutf8 feature "aarch64_neon"
    │   │   │       │       │   │   │   │   └── simdutf8 v0.1.5
    │   │   │       │       │   │   │   └── simdutf8 feature "public_imp"
    │   │   │       │       │   │   │       └── simdutf8 v0.1.5
    │   │   │       │       │   │   │   [build-dependencies]
    │   │   │       │       │   │   │   └── rustversion feature "default"
    │   │   │       │       │   │   │       └── rustversion v1.0.23 (proc-macro)
    │   │   │       │       │   │   └── encoding_rs feature "alloc"
    │   │   │       │       │   │       └── encoding_rs v0.8.42 (*)
    │   │   │       │       │   ├── enumflags2 feature "default"
    │   │   │       │       │   │   └── enumflags2 v0.7.12
    │   │   │       │       │   │       └── enumflags2_derive feature "default"
    │   │   │       │       │   │           └── enumflags2_derive v0.7.12 (proc-macro)
    │   │   │       │       │   │               ├── proc-macro2 feature "default"
    │   │   │       │       │   │               │   ├── proc-macro2 v1.0.107
    │   │   │       │       │   │               │   │   └── unicode-ident feature "default"
    │   │   │       │       │   │               │   │       └── unicode-ident v1.0.26
    │   │   │       │       │   │               │   └── proc-macro2 feature "proc-macro"
    │   │   │       │       │   │               │       └── proc-macro2 v1.0.107 (*)
    │   │   │       │       │   │               ├── quote feature "default"
    │   │   │       │       │   │               │   ├── quote v1.0.47
    │   │   │       │       │   │               │   │   └── proc-macro2 v1.0.107 (*)
    │   │   │       │       │   │               │   └── quote feature "proc-macro"
    │   │   │       │       │   │               │       ├── quote v1.0.47 (*)
    │   │   │       │       │   │               │       └── proc-macro2 feature "proc-macro" (*)
    │   │   │       │       │   │               ├── syn feature "derive"
    │   │   │       │       │   │               │   └── syn v2.0.119
    │   │   │       │       │   │               │       ├── proc-macro2 v1.0.107 (*)
    │   │   │       │       │   │               │       ├── quote v1.0.47 (*)
    │   │   │       │       │   │               │       └── unicode-ident feature "default" (*)
    │   │   │       │       │   │               ├── syn feature "parsing"
    │   │   │       │       │   │               │   └── syn v2.0.119 (*)
    │   │   │       │       │   │               ├── syn feature "printing"
    │   │   │       │       │   │               │   └── syn v2.0.119 (*)
    │   │   │       │       │   │               └── syn feature "proc-macro"
    │   │   │       │       │   │                   ├── syn v2.0.119 (*)
    │   │   │       │       │   │                   ├── proc-macro2 feature "proc-macro" (*)
    │   │   │       │       │   │                   └── quote feature "proc-macro" (*)
    │   │   │       │       │   ├── glyph-names feature "default"
    │   │   │       │       │   │   └── glyph-names v0.2.0
    │   │   │       │       │   ├── log feature "default"
    │   │   │       │       │   │   └── log v0.4.34
    │   │   │       │       │   ├── ouroboros feature "default"
    │   │   │       │       │   │   ├── ouroboros v0.18.5
    │   │   │       │       │   │   │   ├── aliasable feature "default"
    │   │   │       │       │   │   │   │   ├── aliasable v0.1.3
    │   │   │       │       │   │   │   │   └── aliasable feature "alloc"
    │   │   │       │       │   │   │   │       └── aliasable v0.1.3
    │   │   │       │       │   │   │   ├── ouroboros_macro feature "default"
    │   │   │       │       │   │   │   │   └── ouroboros_macro v0.18.5 (proc-macro)
    │   │   │       │       │   │   │   │       ├── proc-macro2 feature "default" (*)
    │   │   │       │       │   │   │   │       ├── quote feature "default" (*)
    │   │   │       │       │   │   │   │       ├── syn feature "default"
    │   │   │       │       │   │   │   │       │   ├── syn v2.0.119 (*)
    │   │   │       │       │   │   │   │       │   ├── syn feature "clone-impls"
    │   │   │       │       │   │   │   │       │   │   └── syn v2.0.119 (*)
    │   │   │       │       │   │   │   │       │   ├── syn feature "derive" (*)
    │   │   │       │       │   │   │   │       │   ├── syn feature "parsing" (*)
    │   │   │       │       │   │   │   │       │   ├── syn feature "printing" (*)
    │   │   │       │       │   │   │   │       │   └── syn feature "proc-macro" (*)
    │   │   │       │       │   │   │   │       ├── syn feature "full"
    │   │   │       │       │   │   │   │       │   └── syn v2.0.119 (*)
    │   │   │       │       │   │   │   │       ├── heck feature "default"
    │   │   │       │       │   │   │   │       │   └── heck v0.4.1
    │   │   │       │       │   │   │   │       └── proc-macro2-diagnostics feature "default"
    │   │   │       │       │   │   │   │           ├── proc-macro2-diagnostics v0.10.1
    │   │   │       │       │   │   │   │           │   ├── proc-macro2 feature "default" (*)
    │   │   │       │       │   │   │   │           │   ├── quote feature "default" (*)
    │   │   │       │       │   │   │   │           │   ├── syn feature "default" (*)
    │   │   │       │       │   │   │   │           │   └── yansi feature "default"
    │   │   │       │       │   │   │   │           │       ├── yansi v1.0.1
    │   │   │       │       │   │   │   │           │       └── yansi feature "std"
    │   │   │       │       │   │   │   │           │           ├── yansi v1.0.1
    │   │   │       │       │   │   │   │           │           └── yansi feature "alloc"
    │   │   │       │       │   │   │   │           │               └── yansi v1.0.1
    │   │   │       │       │   │   │   │           │   [build-dependencies]
    │   │   │       │       │   │   │   │           │   └── version_check feature "default"
    │   │   │       │       │   │   │   │           │       └── version_check v0.9.5
    │   │   │       │       │   │   │   │           └── proc-macro2-diagnostics feature "colors"
    │   │   │       │       │   │   │   │               ├── proc-macro2-diagnostics v0.10.1 (*)
    │   │   │       │       │   │   │   │               └── proc-macro2-diagnostics feature "yansi"
    │   │   │       │       │   │   │   │                   └── proc-macro2-diagnostics v0.10.1 (*)
    │   │   │       │       │   │   │   └── static_assertions feature "default"
    │   │   │       │       │   │   │       └── static_assertions v1.1.0
    │   │   │       │       │   │   └── ouroboros feature "std"
    │   │   │       │       │   │       ├── ouroboros v0.18.5 (*)
    │   │   │       │       │   │       └── ouroboros_macro feature "std"
    │   │   │       │       │   │           └── ouroboros_macro v0.18.5 (proc-macro) (*)
    │   │   │       │       │   ├── pathfinder_geometry feature "default"
    │   │   │       │       │   │   └── pathfinder_geometry v0.5.1
    │   │   │       │       │   │       ├── log feature "default" (*)
    │   │   │       │       │   │       └── pathfinder_simd feature "default"
    │   │   │       │       │   │           └── pathfinder_simd v0.5.6
    │   │   │       │       │   │               [build-dependencies]
    │   │   │       │       │   │               └── rustc_version feature "default"
    │   │   │       │       │   │                   └── rustc_version v0.4.1
    │   │   │       │       │   │                       └── semver feature "default"
    │   │   │       │       │   │                           ├── semver v1.0.28
    │   │   │       │       │   │                           └── semver feature "std"
    │   │   │       │       │   │                               └── semver v1.0.28
    │   │   │       │       │   ├── rustc-hash feature "default"
    │   │   │       │       │   │   ├── rustc-hash v2.1.3
    │   │   │       │       │   │   └── rustc-hash feature "std"
    │   │   │       │       │   │       └── rustc-hash v2.1.3
    │   │   │       │       │   ├── tinyvec feature "default"
    │   │   │       │       │   │   └── tinyvec v1.13.3
    │   │   │       │       │   ├── tinyvec feature "rustc_1_57"
    │   │   │       │       │   │   └── tinyvec v1.13.3
    │   │   │       │       │   ├── tinyvec feature "std"
    │   │   │       │       │   │   ├── tinyvec v1.13.3
    │   │   │       │       │   │   └── tinyvec feature "alloc"
    │   │   │       │       │   │       └── tinyvec v1.13.3
    │   │   │       │       │   ├── ucd-trie feature "default"
    │   │   │       │       │   │   ├── ucd-trie v0.1.7
    │   │   │       │       │   │   └── ucd-trie feature "std"
    │   │   │       │       │   │       └── ucd-trie v0.1.7
    │   │   │       │       │   ├── unicode-canonical-combining-class feature "default"
    │   │   │       │       │   │   └── unicode-canonical-combining-class v1.0.0
    │   │   │       │       │   ├── unicode-general-category feature "default"
    │   │   │       │       │   │   └── unicode-general-category v1.1.0
    │   │   │       │       │   └── unicode-joining-type feature "default"
    │   │   │       │       │       └── unicode-joining-type v1.0.0
    │   │   │       │       ├── allsorts-azul feature "flate2"
    │   │   │       │       │   └── allsorts-azul v0.17.2 (*)
    │   │   │       │       └── flate2 feature "rust_backend"
    │   │   │       │           ├── flate2 v1.1.10 (*)
    │   │   │       │           ├── flate2 feature "any_impl"
    │   │   │       │           │   └── flate2 v1.1.10 (*)
    │   │   │       │           └── flate2 feature "miniz_oxide"
    │   │   │       │               ├── flate2 v1.1.10 (*)
    │   │   │       │               └── flate2 feature "any_impl" (*)
    │   │   │       └── rust-fontconfig feature "mmapio"
    │   │   │           └── rust-fontconfig v5.0.1 (*)
    │   │   ├── lru v0.18.5
    │   │   ├── roxmltree v0.21.1
    │   │   │   └── memchr v2.8.3
    │   │   ├── rust-fontconfig v5.0.1 (*)
    │   │   ├── thiserror v2.0.21
    │   │   │   └── thiserror-impl feature "default"
    │   │   │       └── thiserror-impl v2.0.21 (proc-macro)
    │   │   │           ├── proc-macro2 feature "default" (*)
    │   │   │           ├── quote feature "default" (*)
    │   │   │           └── syn feature "default"
    │   │   │               ├── syn v3.0.6
    │   │   │               │   ├── proc-macro2 v1.0.107 (*)
    │   │   │               │   ├── quote v1.0.47 (*)
    │   │   │               │   └── unicode-ident feature "default" (*)
    │   │   │               ├── syn feature "clone-impls"
    │   │   │               │   └── syn v3.0.6 (*)
    │   │   │               ├── syn feature "derive"
    │   │   │               │   └── syn v3.0.6 (*)
    │   │   │               ├── syn feature "parsing"
    │   │   │               │   └── syn v3.0.6 (*)
    │   │   │               ├── syn feature "printing"
    │   │   │               │   └── syn v3.0.6 (*)
    │   │   │               └── syn feature "proc-macro"
    │   │   │                   ├── syn v3.0.6 (*)
    │   │   │                   ├── proc-macro2 feature "proc-macro" (*)
    │   │   │                   └── quote feature "proc-macro" (*)
    │   │   ├── tinyvec v1.13.3
    │   │   ├── unicode-normalization v0.1.25
    │   │   │   ├── tinyvec feature "alloc" (*)
    │   │   │   └── tinyvec feature "default" (*)
    │   │   ├── unicode-segmentation v1.13.3
    │   │   ├── xmlparser v0.13.6
    │   │   ├── xmlwriter v0.1.0
    │   │   ├── allsorts-azul feature "flate2_rust" (*)
    │   │   ├── azul-css feature "parser" (*)
    │   │   ├── base64 feature "default"
    │   │   │   ├── base64 v0.22.1
    │   │   │   └── base64 feature "std"
    │   │   │       ├── base64 v0.22.1
    │   │   │       └── base64 feature "alloc"
    │   │   │           └── base64 v0.22.1
    │   │   ├── hyphenation feature "embed_all"
    │   │   │   ├── hyphenation v0.8.4
    │   │   │   │   ├── bincode feature "default"
    │   │   │   │   │   └── bincode v1.3.3
    │   │   │   │   │       └── serde feature "default"
    │   │   │   │   │           ├── serde v1.0.229
    │   │   │   │   │           │   ├── serde_core feature "result"
    │   │   │   │   │           │   │   └── serde_core v1.0.229
    │   │   │   │   │           │   └── serde_derive feature "default"
    │   │   │   │   │           │       └── serde_derive v1.0.229 (proc-macro)
    │   │   │   │   │           │           ├── proc-macro2 feature "proc-macro" (*)
    │   │   │   │   │           │           ├── quote feature "proc-macro" (*)
    │   │   │   │   │           │           ├── syn feature "clone-impls" (*)
    │   │   │   │   │           │           ├── syn feature "derive" (*)
    │   │   │   │   │           │           ├── syn feature "parsing" (*)
    │   │   │   │   │           │           ├── syn feature "printing" (*)
    │   │   │   │   │           │           └── syn feature "proc-macro" (*)
    │   │   │   │   │           └── serde feature "std"
    │   │   │   │   │               ├── serde v1.0.229 (*)
    │   │   │   │   │               └── serde_core feature "std"
    │   │   │   │   │                   └── serde_core v1.0.229
    │   │   │   │   ├── serde feature "default" (*)
    │   │   │   │   ├── fst feature "default"
    │   │   │   │   │   └── fst v0.4.7
    │   │   │   │   └── hyphenation_commons feature "default"
    │   │   │   │       └── hyphenation_commons v0.8.4
    │   │   │   │           ├── serde feature "default" (*)
    │   │   │   │           ├── serde feature "derive"
    │   │   │   │           │   ├── serde v1.0.229 (*)
    │   │   │   │           │   └── serde feature "serde_derive"
    │   │   │   │           │       └── serde v1.0.229 (*)
    │   │   │   │           └── fst feature "default" (*)
    │   │   │   │   [build-dependencies]
    │   │   │   │   ├── bincode feature "default" (*)
    │   │   │   │   ├── serde feature "default" (*)
    │   │   │   │   ├── fst feature "default" (*)
    │   │   │   │   ├── hyphenation_commons feature "default" (*)
    │   │   │   │   └── pocket-resources feature "default"
    │   │   │   │       └── pocket-resources v0.3.2
    │   │   │   └── hyphenation feature "pocket-resources"
    │   │   │       └── hyphenation v0.8.4 (*)
    │   │   ├── serde feature "default" (*)
    │   │   ├── serde feature "derive" (*)
    │   │   ├── regex-lite feature "string"
    │   │   │   └── regex-lite v0.1.9
    │   │   ├── smallvec feature "union"
    │   │   │   └── smallvec v1.16.2
    │   │   │       └── serde v1.0.229 (*)
    │   │   ├── taffy feature "alloc"
    │   │   │   └── taffy v0.10.1
    │   │   │       ├── arrayvec v0.7.8
    │   │   │       ├── grid v1.0.1
    │   │   │       └── slotmap v1.1.1
    │   │   │           [build-dependencies]
    │   │   │           └── version_check feature "default" (*)
    │   │   ├── taffy feature "block_layout"
    │   │   │   └── taffy v0.10.1 (*)
    │   │   ├── taffy feature "calc"
    │   │   │   └── taffy v0.10.1 (*)
    │   │   ├── taffy feature "content_size"
    │   │   │   └── taffy v0.10.1 (*)
    │   │   ├── taffy feature "detailed_layout_info"
    │   │   │   └── taffy v0.10.1 (*)
    │   │   ├── taffy feature "flexbox"
    │   │   │   └── taffy v0.10.1 (*)
    │   │   ├── taffy feature "grid"
    │   │   │   ├── taffy v0.10.1 (*)
    │   │   │   └── taffy feature "alloc" (*)
    │   │   ├── taffy feature "std"
    │   │   │   ├── taffy v0.10.1 (*)
    │   │   │   ├── grid feature "std"
    │   │   │   │   └── grid v1.0.1
    │   │   │   └── slotmap feature "std"
    │   │   │       └── slotmap v1.1.1 (*)
    │   │   ├── taffy feature "taffy_tree"
    │   │   │   └── taffy v0.10.1 (*)
    │   │   └── unicode-bidi feature "hardcoded-data"
    │   │       └── unicode-bidi v0.3.18
    │   ├── lopdf v0.44.0
    │   │   ├── bitflags feature "default" (*)
    │   │   ├── encoding_rs feature "default" (*)
    │   │   ├── flate2 feature "default"
    │   │   │   ├── flate2 v1.1.10 (*)
    │   │   │   ├── flate2 feature "runtime_detection"
    │   │   │   │   ├── flate2 v1.1.10 (*)
    │   │   │   │   └── crc32fast feature "std"
    │   │   │   │       └── crc32fast v1.5.2 (*)
    │   │   │   └── flate2 feature "rust_backend" (*)
    │   │   ├── log feature "default" (*)
    │   │   ├── thiserror feature "default"
    │   │   │   ├── thiserror v2.0.21 (*)
    │   │   │   └── thiserror feature "std"
    │   │   │       └── thiserror v2.0.21 (*)
    │   │   ├── aes feature "default"
    │   │   │   └── aes v0.9.3
    │   │   │       ├── cipher feature "default"
    │   │   │       │   └── cipher v0.5.2
    │   │   │       │       ├── crypto-common feature "default"
    │   │   │       │       │   └── crypto-common v0.2.2
    │   │   │       │       │       └── hybrid-array feature "default"
    │   │   │       │       │           └── hybrid-array v0.4.15
    │   │   │       │       │               ├── typenum feature "const-generics"
    │   │   │       │       │               │   └── typenum v1.20.1
    │   │   │       │       │               └── typenum feature "default"
    │   │   │       │       │                   └── typenum v1.20.1
    │   │   │       │       └── inout feature "default"
    │   │   │       │           └── inout v0.2.2
    │   │   │       │               ├── hybrid-array feature "default" (*)
    │   │   │       │               └── block-padding feature "default"
    │   │   │       │                   └── block-padding v0.4.2
    │   │   │       │                       └── hybrid-array feature "default" (*)
    │   │   │       ├── cpubits feature "default"
    │   │   │       │   └── cpubits v0.1.1
    │   │   │       └── cpufeatures feature "default"
    │   │   │           └── cpufeatures v0.3.1
    │   │   ├── cbc feature "default"
    │   │   │   ├── cbc v0.2.1
    │   │   │   │   └── cipher feature "default" (*)
    │   │   │   └── cbc feature "block-padding"
    │   │   │       ├── cbc v0.2.1 (*)
    │   │   │       └── cipher feature "block-padding"
    │   │   │           ├── cipher v0.5.2 (*)
    │   │   │           └── inout feature "block-padding"
    │   │   │               └── inout v0.2.2 (*)
    │   │   ├── ecb feature "default"
    │   │   │   ├── ecb v0.2.1
    │   │   │   │   └── cipher feature "default" (*)
    │   │   │   └── ecb feature "block-padding"
    │   │   │       ├── ecb v0.2.1 (*)
    │   │   │       └── cipher feature "block-padding" (*)
    │   │   ├── getrandom feature "default"
    │   │   │   └── getrandom v0.4.3
    │   │   │       ├── libc v0.2.190
    │   │   │       ├── cfg-if feature "default" (*)
    │   │   │       └── rand_core feature "default"
    │   │   │           └── rand_core v0.10.1
    │   │   ├── indexmap feature "default"
    │   │   │   ├── indexmap v2.14.2
    │   │   │   │   ├── equivalent v1.0.2
    │   │   │   │   └── hashbrown v0.17.1
    │   │   │   └── indexmap feature "std"
    │   │   │       └── indexmap v2.14.2 (*)
    │   │   ├── itoa feature "default"
    │   │   │   └── itoa v1.0.18
    │   │   ├── md-5 feature "default"
    │   │   │   ├── md-5 v0.11.0
    │   │   │   │   ├── cfg-if feature "default" (*)
    │   │   │   │   └── digest feature "default"
    │   │   │   │       ├── digest v0.11.3
    │   │   │   │       │   ├── crypto-common feature "default" (*)
    │   │   │   │       │   ├── block-buffer feature "default"
    │   │   │   │       │   │   └── block-buffer v0.12.1
    │   │   │   │       │   │       └── hybrid-array feature "default" (*)
    │   │   │   │       │   └── const-oid feature "default"
    │   │   │   │       │       └── const-oid v0.10.2
    │   │   │   │       └── digest feature "block-api"
    │   │   │   │           └── digest v0.11.3 (*)
    │   │   │   ├── md-5 feature "alloc"
    │   │   │   │   ├── md-5 v0.11.0 (*)
    │   │   │   │   └── digest feature "alloc"
    │   │   │   │       └── digest v0.11.3 (*)
    │   │   │   └── md-5 feature "oid"
    │   │   │       ├── md-5 v0.11.0 (*)
    │   │   │       └── digest feature "oid"
    │   │   │           └── digest v0.11.3 (*)
    │   │   ├── nom feature "default"
    │   │   │   ├── nom v8.0.0
    │   │   │   │   └── memchr v2.8.3
    │   │   │   └── nom feature "std"
    │   │   │       ├── nom v8.0.0 (*)
    │   │   │       ├── memchr feature "std"
    │   │   │       │   ├── memchr v2.8.3
    │   │   │       │   └── memchr feature "alloc"
    │   │   │       │       └── memchr v2.8.3
    │   │   │       └── nom feature "alloc"
    │   │   │           └── nom v8.0.0 (*)
    │   │   ├── rand feature "default"
    │   │   │   ├── rand v0.10.3
    │   │   │   │   ├── rand_core v0.10.1
    │   │   │   │   ├── getrandom feature "default" (*)
    │   │   │   │   └── chacha20 feature "rng"
    │   │   │   │       └── chacha20 v0.10.2
    │   │   │   │           ├── rand_core v0.10.1
    │   │   │   │           ├── cfg-if feature "default" (*)
    │   │   │   │           └── cpufeatures feature "default" (*)
    │   │   │   ├── rand feature "std"
    │   │   │   │   ├── rand v0.10.3 (*)
    │   │   │   │   ├── getrandom feature "std"
    │   │   │   │   │   └── getrandom v0.4.3 (*)
    │   │   │   │   └── rand feature "alloc"
    │   │   │   │       └── rand v0.10.3 (*)
    │   │   │   ├── rand feature "std_rng"
    │   │   │   │   └── rand v0.10.3 (*)
    │   │   │   ├── rand feature "sys_rng"
    │   │   │   │   ├── rand v0.10.3 (*)
    │   │   │   │   ├── getrandom feature "sys_rng"
    │   │   │   │   │   └── getrandom v0.4.3 (*)
    │   │   │   │   └── rand feature "getrandom"
    │   │   │   │       └── rand v0.10.3 (*)
    │   │   │   └── rand feature "thread_rng"
    │   │   │       ├── rand v0.10.3 (*)
    │   │   │       ├── rand feature "std" (*)
    │   │   │       ├── rand feature "std_rng" (*)
    │   │   │       └── rand feature "sys_rng" (*)
    │   │   ├── rangemap feature "default"
    │   │   │   └── rangemap v1.8.0
    │   │   ├── sha2 feature "default"
    │   │   │   ├── sha2 v0.11.0
    │   │   │   │   ├── cfg-if feature "default" (*)
    │   │   │   │   ├── cpufeatures feature "default" (*)
    │   │   │   │   └── digest feature "default" (*)
    │   │   │   ├── sha2 feature "alloc"
    │   │   │   │   ├── sha2 v0.11.0 (*)
    │   │   │   │   └── digest feature "alloc" (*)
    │   │   │   └── sha2 feature "oid"
    │   │   │       ├── sha2 v0.11.0 (*)
    │   │   │       └── digest feature "oid" (*)
    │   │   ├── stringprep feature "default"
    │   │   │   └── stringprep v0.1.5
    │   │   │       ├── unicode-bidi feature "default"
    │   │   │       │   ├── unicode-bidi v0.3.18
    │   │   │       │   ├── unicode-bidi feature "hardcoded-data" (*)
    │   │   │       │   └── unicode-bidi feature "std"
    │   │   │       │       └── unicode-bidi v0.3.18
    │   │   │       ├── unicode-normalization feature "default"
    │   │   │       │   ├── unicode-normalization v0.1.25 (*)
    │   │   │       │   └── unicode-normalization feature "std"
    │   │   │       │       └── unicode-normalization v0.1.25 (*)
    │   │   │       └── unicode-properties feature "default"
    │   │   │           ├── unicode-properties v0.1.4
    │   │   │           ├── unicode-properties feature "emoji"
    │   │   │           │   └── unicode-properties v0.1.4
    │   │   │           └── unicode-properties feature "general-category"
    │   │   │               └── unicode-properties v0.1.4
    │   │   └── weezl feature "default"
    │   │       ├── weezl v0.2.1
    │   │       └── weezl feature "std"
    │   │           ├── weezl v0.2.1
    │   │           └── weezl feature "alloc"
    │   │               └── weezl v0.2.1
    │   ├── xmlparser v0.13.6
    │   ├── allsorts-azul feature "flate2_rust" (*)
    │   ├── flate2 feature "default" (*)
    │   ├── azul-core feature "std"
    │   │   ├── azul-core v0.0.16 (*)
    │   │   └── azul-core feature "css_parser"
    │   │       ├── azul-core v0.0.16 (*)
    │   │       └── azul-css feature "parser" (*)
    │   ├── azul-css feature "parser" (*)
    │   ├── rust-fontconfig feature "parsing"
    │   │   ├── rust-fontconfig v5.0.1 (*)
    │   │   ├── rust-fontconfig feature "allsorts"
    │   │   │   └── rust-fontconfig v5.0.1 (*)
    │   │   ├── rust-fontconfig feature "std" (*)
    │   │   └── rust-fontconfig feature "xmlparser"
    │   │       └── rust-fontconfig v5.0.1 (*)
    │   ├── rust-fontconfig feature "std" (*)
    │   ├── base64 feature "default" (*)
    │   ├── serde feature "default" (*)
    │   ├── serde_derive feature "default" (*)
    │   ├── smallvec feature "default"
    │   │   └── smallvec v1.16.2 (*)
    │   ├── smallvec feature "serde"
    │   │   └── smallvec v1.16.2 (*)
    │   ├── weezl feature "default" (*)
    │   ├── serde_json feature "default"
    │   │   ├── serde_json v1.0.151
    │   │   │   ├── memchr v2.8.3
    │   │   │   ├── serde_core v1.0.229
    │   │   │   ├── itoa feature "default" (*)
    │   │   │   └── zmij feature "default"
    │   │   │       └── zmij v1.0.23
    │   │   └── serde_json feature "std"
    │   │       ├── serde_json v1.0.151 (*)
    │   │       ├── serde_core feature "std" (*)
    │   │       └── memchr feature "std" (*)
    │   └── time feature "std"
    │       ├── time v0.3.55
    │       │   ├── powerfmt v0.2.1
    │       │   ├── deranged feature "default"
    │       │   │   └── deranged v0.5.8
    │       │   ├── num-conv feature "default"
    │       │   │   └── num-conv v0.2.2
    │       │   └── time-core feature "default"
    │       │       └── time-core v0.1.9
    │       └── time feature "alloc"
    │           └── time v0.3.55 (*)
    └── printpdf feature "html"
        ├── printpdf v0.12.8 (*)
        ├── printpdf feature "azul-layout"
        │   └── printpdf v0.12.8 (*)
        ├── printpdf feature "text_layout_hyphenation"
        │   ├── printpdf v0.12.8 (*)
        │   ├── printpdf feature "azul-layout" (*)
        │   ├── printpdf feature "text_layout"
        │   │   ├── printpdf v0.12.8 (*)
        │   │   ├── printpdf feature "azul-layout" (*)
        │   │   ├── azul-layout feature "font_loading"
        │   │   │   ├── azul-layout v0.0.16 (*)
        │   │   │   ├── rust-fontconfig feature "async-registry"
        │   │   │   │   ├── rust-fontconfig v5.0.1 (*)
        │   │   │   │   ├── rust-fontconfig feature "parsing" (*)
        │   │   │   │   └── rust-fontconfig feature "std" (*)
        │   │   │   ├── rust-fontconfig feature "mmapio" (*)
        │   │   │   ├── rust-fontconfig feature "parsing" (*)
        │   │   │   ├── rust-fontconfig feature "std" (*)
        │   │   │   └── azul-layout feature "rust-fontconfig"
        │   │   │       └── azul-layout v0.0.16 (*)
        │   │   ├── azul-layout feature "std"
        │   │   │   ├── azul-layout v0.0.16 (*)
        │   │   │   ├── azul-core feature "std" (*)
        │   │   │   └── regex-lite feature "std"
        │   │   │       └── regex-lite v0.1.9
        │   │   └── azul-layout feature "text_layout"
        │   │       ├── azul-layout v0.0.16 (*)
        │   │       ├── azul-layout feature "font_loading" (*)
        │   │       └── azul-layout feature "std" (*)
        │   └── azul-layout feature "text_layout_hyphenation"
        │       ├── azul-layout v0.0.16 (*)
        │       └── azul-layout feature "text_layout" (*)
        ├── azul-layout feature "pdf"
        │   ├── azul-layout v0.0.16 (*)
        │   └── azul-layout feature "text_layout" (*)
        └── azul-layout feature "xml"
            └── azul-layout v0.0.16 (*)
