Unique system-font paths referenced: 122
/usr/share/fonts/opentype/cantarell/Cantarell-VF.otf
/usr/share/fonts/opentype/urw-base35/C059-BdIta.otf
/usr/share/fonts/opentype/urw-base35/C059-Bold.otf
/usr/share/fonts/opentype/urw-base35/C059-Italic.otf
/usr/share/fonts/opentype/urw-base35/C059-Roman.otf
/usr/share/fonts/opentype/urw-base35/D050000L.otf
/usr/share/fonts/opentype/urw-base35/NimbusMonoPS-Bold.otf
/usr/share/fonts/opentype/urw-base35/NimbusMonoPS-BoldItalic.otf
/usr/share/fonts/opentype/urw-base35/NimbusMonoPS-Italic.otf
/usr/share/fonts/opentype/urw-base35/NimbusMonoPS-Regular.otf
/usr/share/fonts/opentype/urw-base35/NimbusRoman-Bold.otf
/usr/share/fonts/opentype/urw-base35/NimbusRoman-BoldItalic.otf
/usr/share/fonts/opentype/urw-base35/NimbusRoman-Italic.otf
/usr/share/fonts/opentype/urw-base35/NimbusRoman-Regular.otf
/usr/share/fonts/opentype/urw-base35/NimbusSans-Bold.otf
/usr/share/fonts/opentype/urw-base35/NimbusSans-BoldItalic.otf
/usr/share/fonts/opentype/urw-base35/NimbusSans-Italic.otf
/usr/share/fonts/opentype/urw-base35/NimbusSans-Regular.otf
/usr/share/fonts/opentype/urw-base35/NimbusSansNarrow-Bold.otf
/usr/share/fonts/opentype/urw-base35/NimbusSansNarrow-BoldOblique.otf
/usr/share/fonts/opentype/urw-base35/NimbusSansNarrow-Oblique.otf
/usr/share/fonts/opentype/urw-base35/NimbusSansNarrow-Regular.otf
/usr/share/fonts/opentype/urw-base35/P052-Bold.otf
/usr/share/fonts/opentype/urw-base35/P052-BoldItalic.otf
/usr/share/fonts/opentype/urw-base35/P052-Italic.otf
/usr/share/fonts/opentype/urw-base35/P052-Roman.otf
/usr/share/fonts/opentype/urw-base35/StandardSymbolsPS.otf
/usr/share/fonts/opentype/urw-base35/URWBookman-Demi.otf
/usr/share/fonts/opentype/urw-base35/URWBookman-DemiItalic.otf
/usr/share/fonts/opentype/urw-base35/URWBookman-Light.otf
/usr/share/fonts/opentype/urw-base35/URWBookman-LightItalic.otf
/usr/share/fonts/opentype/urw-base35/URWGothic-Book.otf
/usr/share/fonts/opentype/urw-base35/URWGothic-BookOblique.otf
/usr/share/fonts/opentype/urw-base35/URWGothic-Demi.otf
/usr/share/fonts/opentype/urw-base35/URWGothic-DemiOblique.otf
/usr/share/fonts/opentype/urw-base35/Z003-MediumItalic.otf
/usr/share/fonts/truetype/dejavu/DejaVuSans-Bold.ttf
/usr/share/fonts/truetype/dejavu/DejaVuSans.ttf
/usr/share/fonts/truetype/dejavu/DejaVuSansMono-Bold.ttf
/usr/share/fonts/truetype/dejavu/DejaVuSansMono-BoldOblique.ttf
/usr/share/fonts/truetype/dejavu/DejaVuSansMono-Oblique.ttf
/usr/share/fonts/truetype/dejavu/DejaVuSansMono.ttf
/usr/share/fonts/truetype/dejavu/DejaVuSerif-Bold.ttf
/usr/share/fonts/truetype/dejavu/DejaVuSerif.ttf
/usr/share/fonts/truetype/droid/DroidSansFallbackFull.ttf
/usr/share/fonts/truetype/inconsolata/Inconsolata.otf
/usr/share/fonts/truetype/noto/NotoMono-Regular.ttf
/usr/share/fonts/truetype/noto/NotoSansMono-Bold.ttf
/usr/share/fonts/truetype/noto/NotoSansMono-Regular.ttf
/usr/share/texmf/fonts/opentype/public/lm-math/latinmodern-math.otf
/usr/share/texmf/fonts/opentype/public/lm/lmmono10-italic.otf
/usr/share/texmf/fonts/opentype/public/lm/lmmono10-regular.otf
/usr/share/texmf/fonts/opentype/public/lm/lmmono12-regular.otf
/usr/share/texmf/fonts/opentype/public/lm/lmmono8-regular.otf
/usr/share/texmf/fonts/opentype/public/lm/lmmono9-regular.otf
/usr/share/texmf/fonts/opentype/public/lm/lmmonocaps10-oblique.otf
/usr/share/texmf/fonts/opentype/public/lm/lmmonocaps10-regular.otf
/usr/share/texmf/fonts/opentype/public/lm/lmmonolt10-bold.otf
/usr/share/texmf/fonts/opentype/public/lm/lmmonolt10-boldoblique.otf
/usr/share/texmf/fonts/opentype/public/lm/lmmonolt10-oblique.otf
/usr/share/texmf/fonts/opentype/public/lm/lmmonolt10-regular.otf
/usr/share/texmf/fonts/opentype/public/lm/lmmonoltcond10-oblique.otf
/usr/share/texmf/fonts/opentype/public/lm/lmmonoltcond10-regular.otf
/usr/share/texmf/fonts/opentype/public/lm/lmmonoprop10-oblique.otf
/usr/share/texmf/fonts/opentype/public/lm/lmmonoprop10-regular.otf
/usr/share/texmf/fonts/opentype/public/lm/lmmonoproplt10-bold.otf
/usr/share/texmf/fonts/opentype/public/lm/lmmonoproplt10-boldoblique.otf
/usr/share/texmf/fonts/opentype/public/lm/lmmonoproplt10-oblique.otf
/usr/share/texmf/fonts/opentype/public/lm/lmmonoproplt10-regular.otf
/usr/share/texmf/fonts/opentype/public/lm/lmmonoslant10-regular.otf
/usr/share/texmf/fonts/opentype/public/lm/lmroman10-bold.otf
/usr/share/texmf/fonts/opentype/public/lm/lmroman10-bolditalic.otf
/usr/share/texmf/fonts/opentype/public/lm/lmroman10-italic.otf
/usr/share/texmf/fonts/opentype/public/lm/lmroman10-regular.otf
/usr/share/texmf/fonts/opentype/public/lm/lmroman12-bold.otf
/usr/share/texmf/fonts/opentype/public/lm/lmroman12-italic.otf
/usr/share/texmf/fonts/opentype/public/lm/lmroman12-regular.otf
/usr/share/texmf/fonts/opentype/public/lm/lmroman17-regular.otf
/usr/share/texmf/fonts/opentype/public/lm/lmroman5-bold.otf
/usr/share/texmf/fonts/opentype/public/lm/lmroman5-regular.otf
/usr/share/texmf/fonts/opentype/public/lm/lmroman6-bold.otf
/usr/share/texmf/fonts/opentype/public/lm/lmroman6-regular.otf
/usr/share/texmf/fonts/opentype/public/lm/lmroman7-bold.otf
/usr/share/texmf/fonts/opentype/public/lm/lmroman7-italic.otf
/usr/share/texmf/fonts/opentype/public/lm/lmroman7-regular.otf
/usr/share/texmf/fonts/opentype/public/lm/lmroman8-bold.otf
/usr/share/texmf/fonts/opentype/public/lm/lmroman8-italic.otf
/usr/share/texmf/fonts/opentype/public/lm/lmroman8-regular.otf
/usr/share/texmf/fonts/opentype/public/lm/lmroman9-bold.otf
/usr/share/texmf/fonts/opentype/public/lm/lmroman9-italic.otf
/usr/share/texmf/fonts/opentype/public/lm/lmroman9-regular.otf
/usr/share/texmf/fonts/opentype/public/lm/lmromancaps10-oblique.otf
/usr/share/texmf/fonts/opentype/public/lm/lmromancaps10-regular.otf
/usr/share/texmf/fonts/opentype/public/lm/lmromandemi10-oblique.otf
/usr/share/texmf/fonts/opentype/public/lm/lmromandemi10-regular.otf
/usr/share/texmf/fonts/opentype/public/lm/lmromandunh10-oblique.otf
/usr/share/texmf/fonts/opentype/public/lm/lmromandunh10-regular.otf
/usr/share/texmf/fonts/opentype/public/lm/lmromanslant10-bold.otf
/usr/share/texmf/fonts/opentype/public/lm/lmromanslant10-regular.otf
/usr/share/texmf/fonts/opentype/public/lm/lmromanslant12-regular.otf
/usr/share/texmf/fonts/opentype/public/lm/lmromanslant17-regular.otf
/usr/share/texmf/fonts/opentype/public/lm/lmromanslant8-regular.otf
/usr/share/texmf/fonts/opentype/public/lm/lmromanslant9-regular.otf
/usr/share/texmf/fonts/opentype/public/lm/lmromanunsl10-regular.otf
/usr/share/texmf/fonts/opentype/public/lm/lmsans10-bold.otf
/usr/share/texmf/fonts/opentype/public/lm/lmsans10-boldoblique.otf
/usr/share/texmf/fonts/opentype/public/lm/lmsans10-oblique.otf
/usr/share/texmf/fonts/opentype/public/lm/lmsans10-regular.otf
/usr/share/texmf/fonts/opentype/public/lm/lmsans12-oblique.otf
/usr/share/texmf/fonts/opentype/public/lm/lmsans12-regular.otf
/usr/share/texmf/fonts/opentype/public/lm/lmsans17-oblique.otf
/usr/share/texmf/fonts/opentype/public/lm/lmsans17-regular.otf
/usr/share/texmf/fonts/opentype/public/lm/lmsans8-oblique.otf
/usr/share/texmf/fonts/opentype/public/lm/lmsans8-regular.otf
/usr/share/texmf/fonts/opentype/public/lm/lmsans9-oblique.otf
/usr/share/texmf/fonts/opentype/public/lm/lmsans9-regular.otf
/usr/share/texmf/fonts/opentype/public/lm/lmsansdemicond10-oblique.otf
/usr/share/texmf/fonts/opentype/public/lm/lmsansdemicond10-regular.otf
/usr/share/texmf/fonts/opentype/public/lm/lmsansquot8-bold.otf
/usr/share/texmf/fonts/opentype/public/lm/lmsansquot8-boldoblique.otf
/usr/share/texmf/fonts/opentype/public/lm/lmsansquot8-oblique.otf
/usr/share/texmf/fonts/opentype/public/lm/lmsansquot8-regular.otf
Fontconfig configuration paths:
/etc/fonts
/etc/fonts/conf.avail
/etc/fonts/conf.avail/20-unhint-small-dejavu-lgc-sans-mono.conf
/etc/fonts/conf.avail/20-unhint-small-dejavu-lgc-sans.conf
/etc/fonts/conf.avail/20-unhint-small-dejavu-lgc-serif.conf
/etc/fonts/conf.avail/20-unhint-small-dejavu-sans-mono.conf
/etc/fonts/conf.avail/20-unhint-small-dejavu-sans.conf
/etc/fonts/conf.avail/20-unhint-small-dejavu-serif.conf
/etc/fonts/conf.avail/57-dejavu-sans-mono.conf
/etc/fonts/conf.avail/57-dejavu-sans.conf
/etc/fonts/conf.avail/57-dejavu-serif.conf
/etc/fonts/conf.avail/58-dejavu-lgc-sans-mono.conf
/etc/fonts/conf.avail/58-dejavu-lgc-sans.conf
/etc/fonts/conf.avail/58-dejavu-lgc-serif.conf
/etc/fonts/conf.avail/65-fonts-lmodern.conf
/etc/fonts/conf.d
/etc/fonts/conf.d/10-hinting-slight.conf
/etc/fonts/conf.d/10-scale-bitmap-fonts.conf
/etc/fonts/conf.d/10-sub-pixel-none.conf
/etc/fonts/conf.d/10-yes-antialias.conf
/etc/fonts/conf.d/11-lcdfilter-default.conf
/etc/fonts/conf.d/20-unhint-small-dejavu-lgc-sans-mono.conf
/etc/fonts/conf.d/20-unhint-small-dejavu-lgc-sans.conf
/etc/fonts/conf.d/20-unhint-small-dejavu-lgc-serif.conf
/etc/fonts/conf.d/20-unhint-small-dejavu-sans-mono.conf
/etc/fonts/conf.d/20-unhint-small-dejavu-sans.conf
/etc/fonts/conf.d/20-unhint-small-dejavu-serif.conf
/etc/fonts/conf.d/20-unhint-small-vera.conf
/etc/fonts/conf.d/30-metric-aliases.conf
/etc/fonts/conf.d/40-nonlatin.conf
/etc/fonts/conf.d/45-generic.conf
/etc/fonts/conf.d/45-latin.conf
/etc/fonts/conf.d/48-spacing.conf
/etc/fonts/conf.d/49-sansserif.conf
/etc/fonts/conf.d/50-user.conf
/etc/fonts/conf.d/51-local.conf
/etc/fonts/conf.d/57-dejavu-sans-mono.conf
/etc/fonts/conf.d/57-dejavu-sans.conf
/etc/fonts/conf.d/57-dejavu-serif.conf
/etc/fonts/conf.d/58-dejavu-lgc-sans-mono.conf
/etc/fonts/conf.d/58-dejavu-lgc-sans.conf
/etc/fonts/conf.d/58-dejavu-lgc-serif.conf
/etc/fonts/conf.d/60-generic.conf
/etc/fonts/conf.d/60-latin.conf
/etc/fonts/conf.d/61-urw-bookman.conf
/etc/fonts/conf.d/61-urw-c059.conf
/etc/fonts/conf.d/61-urw-d050000l.conf
/etc/fonts/conf.d/61-urw-fallback-backwards.conf
/etc/fonts/conf.d/61-urw-fallback-generics.conf
/etc/fonts/conf.d/61-urw-gothic.conf
/etc/fonts/conf.d/61-urw-nimbus-mono-ps.conf
/etc/fonts/conf.d/61-urw-nimbus-roman.conf
/etc/fonts/conf.d/61-urw-nimbus-sans.conf
/etc/fonts/conf.d/61-urw-p052.conf
/etc/fonts/conf.d/61-urw-standard-symbols-ps.conf
/etc/fonts/conf.d/61-urw-z003.conf
/etc/fonts/conf.d/65-fonts-lmodern.conf
/etc/fonts/conf.d/65-fonts-persian.conf
/etc/fonts/conf.d/65-nonlatin.conf
/etc/fonts/conf.d/69-unifont.conf
/etc/fonts/conf.d/70-no-bitmaps-except-emoji.conf
/etc/fonts/conf.d/80-delicious.conf
/etc/fonts/conf.d/90-synthetic.conf
/etc/fonts/conf.d/README
/etc/fonts/fonts.conf
/etc/fonts/local.conf
/home/claudio/.config/fontconfig/conf.d/10-hm-fonts.conf
/home/claudio/.config/fontconfig/conf.d/52-hm-default-fonts.conf
/home/claudio/.config/fontconfig/fonts.conf
/home/claudio/.fonts.conf
/nix/store/3yrldn82w2xqznf3x8j8w21ydq4jygvi-hm_fontconfigconf.d10hmfonts.conf
/nix/store/9665j5mz1sxdyk88js6xfd7mv5xjp9xj-home-manager-files/.config/fontconfig/conf.d/10-hm-fonts.conf
/nix/store/9665j5mz1sxdyk88js6xfd7mv5xjp9xj-home-manager-files/.config/fontconfig/conf.d/52-hm-default-fonts.conf
/nix/store/fjbz0jrhsf4yp37ahq810kah72lan8ha-hm_fontconfigconf.d52hmdefaultfonts.conf
/nix/store/q42pkib38dk4952b7s41dn62znbza1sc-home-manager-path/etc/fonts
/nix/store/q42pkib38dk4952b7s41dn62znbza1sc-home-manager-path/etc/fonts/conf.d
/nix/store/q42pkib38dk4952b7s41dn62znbza1sc-home-manager-path/etc/fonts/fonts.conf
/usr/share/fontconfig/conf.avail/10-scale-bitmap-fonts.conf
