Processing [36mSourceSerif4-Italic.ttf[0m...
Running fontforge...
Copyright (c) 2000-2025. See AUTHORS for Contributors.
 License GPLv3+: GNU GPL version 3 or later <http://gnu.org/licenses/gpl.html>
 with many parts BSD <http://fontforge.org/license.html>. Please read LICENSE.
 Version: 20230101
 Based on sources from 2025-01-07 13:54 UTC-ML-D-GDK3.
PythonUI_Init()
copyUIMethodsToBaseTable()
Program root: /usr
Le seguenti tabelle nel font sono state ignorate da FontForge
  Ignoring 'DSIG' Tabella firma digitale
Done.
  =>[36mSourceSerif4-It[0m (SourceSerif4-Italic.ttf) assigned to family '[33mCarta[0m'.
  =>[36mSourceSerif4-It[0m assigned groff fontname '[33mCI[0m'.
Creating [33mCI[0m...
afmtodit: warning: cannot open 'DESC': No such file or directory
Done.
Installing [33mCI[0m in /opt/carta-pdf-bench/groff-1.24.1/share/groff/site-font/devps/... Done.
Checking for gropdf executable and devpdf directory... gropdf found.
Installing [33mCI[0m in /opt/carta-pdf-bench/groff-1.24.1/share/groff/site-font/devpdf/... Done.
